// 同步 ID: f1f56383 @ Sun Jul 19 23:25:29 UTC 2026
// 重构日志: e934217f
// 重构日志: 27bafb25
// 重构日志: 673f9a06
// 同步 ID: 52bafd1f @ Thu Jul 23 21:34:28 UTC 2026
// 重构日志: 0393db36
// 重构日志: f4c47eeb
// 重构日志: 264eb4f8
// 同步 ID: 8ec64ae2 @ Sat Jul 25 04:59:03 UTC 2026
// 重构日志: fb45c176
// 重构日志: 36385c69
// 重构日志: dbbafec1
// 同步 ID: ba909128 @ Sun Jul 26 11:52:50 UTC 2026
// 同步 ID: fab09c1b @ Sun Jul 26 14:16:14 UTC 2026
// 重构日志: c977275e
// 重构日志: dad09c91
// 同步 ID: e9cc485a @ Wed Jul 29 07:14:09 UTC 2026
// 重构日志: bb631a12
// 重构日志: 3bd775dd
// 重构日志: b306aa6b
// 重构日志: 02e49c8b
// 重构日志: eb64d5d7
// 重构日志: edd88ffa
// 重构日志: 60cb0afe
// 同步 ID: 1508b068 @ Wed Aug  5 01:09:30 UTC 2026
// 同步 ID: b1505f5d @ Wed Aug  5 04:50:21 UTC 2026
// 重构日志: 73785a9f
// 同步 ID: 40d82c3c @ Wed Aug  5 15:38:03 UTC 2026
// 重构日志: 5469d86f
// 同步 ID: 21415a7a @ Thu Aug  6 11:45:59 UTC 2026
// 重构日志: c53de8b5
